============================= test session starts =============================
platform win32 -- Python 3.10.15, pytest-7.4.4, pluggy-1.0.0
rootdir: C:\Users\aleja\OneDrive\Escritorio\BSE_ACADEMIC\computing_for_data_science\HW5
plugins: anyio-4.6.2, cov-6.0.0
collected 16 items

diabetes-predictor\test\test_hw4.py ....                                 [ 25%]
diabetes-predictor\test\test_hw5.py ............                         [100%]

---------- coverage: platform win32, python 3.10.15-final-0 ----------
Coverage HTML written to dir C:\Users\aleja\OneDrive\Escritorio\BSE_ACADEMIC\computing_for_data_science\HW5\diabetes-predictor\test\coverage_report


============================= 16 passed in 3.15s ==============================
